=====================================================
Sovereign Sweep Initiated: Wed Jun  3 01:00:01 IST 2026
>> Running Google Indexing Protocol...
🚀 Sovereign Indexer v2.0: Resilient Hard-Force Engine (2 Projects Detected)
 ⚡ HARD-FORCE: Bypassing cooldown for absolute site-wide refresh.

📦 Nodes: 128 | Pending: 128 | Keys: 2
 ✅ Indexed: https://www.paranjapetownship.com/bhugaon-growth-ledger.html
 ✅ Indexed: https://www.paranjapetownship.com/investment/growth-ledger/
 ✅ Indexed: https://www.paranjapetownship.com/paranjape-forest-trails-township-bhugaon-everglades/
 ✅ Indexed: https://www.paranjapetownship.com/misty-greens/
 ✅ Indexed: https://www.paranjapetownship.com/paranjape-forest-trails-township-bhugaon-blogs/misty-greens-na-plots-review/
 ✅ Indexed: https://www.paranjapetownship.com/paranjape-forest-trails-township-bhugaon-misty-greens/
 ✅ Indexed: https://www.paranjapetownship.com/404.html
 ✅ Indexed: https://www.paranjapetownship.com/amenities/adventure-park-pune/
 ✅ Indexed: https://www.paranjapetownship.com/amenities/equestrian-academy-pune/
 ✅ Indexed: https://www.paranjapetownship.com/amenities/forest-walks-trails/
 ✅ Indexed: https://www.paranjapetownship.com/amenities/olympic-sports-complex/
 ✅ Indexed: https://www.paranjapetownship.com/amenities/the-cliff-club/
 ✅ Indexed: https://www.paranjapetownship.com/amenities/wellness-spa-retreat/
 ✅ Indexed: https://www.paranjapetownship.com/canopy-apartments-bhugaon/
 ✅ Indexed: https://www.paranjapetownship.com/comparisons/bhugaon-vs-mulshi-investment/
 ✅ Indexed: https://www.paranjapetownship.com/comparisons/forest-trails-vs-magarpatta/
 ✅ Indexed: https://www.paranjapetownship.com/comparisons/premium-townships-pune-west/
 ✅ Indexed: https://www.paranjapetownship.com/forest-trails-connectivity-baner-aundh/
 ✅ Indexed: https://www.paranjapetownship.com/forest-trails-connectivity-bavdhan-proximity/
 ✅ Indexed: https://www.paranjapetownship.com/forest-trails-connectivity-kothrud-nal-stop/
 ✅ Indexed: https://www.paranjapetownship.com/forest-trails-connectivity-shivaji-nagar-karve-nagar/
 ✅ Indexed: https://www.paranjapetownship.com/forest-trails-vs-bavdhan-projects/
 ✅ Indexed: https://www.paranjapetownship.com/forest-trails-vs-kothrud-apartments/
 ✅ Indexed: https://www.paranjapetownship.com/highgardens/
 ✅ Indexed: https://www.paranjapetownship.com/highlands/
 ✅ Indexed: https://www.paranjapetownship.com/
 ✅ Indexed: https://www.paranjapetownship.com/insights/baner-vs-bhugaon-investment-analysis-2026/
 ✅ Indexed: https://www.paranjapetownship.com/insights/best-schools-near-bhugaon-paud-road/
 ✅ Indexed: https://www.paranjapetownship.com/investment/appreciation-forecast-2030/
 ✅ Indexed: https://www.paranjapetownship.com/investment/pmrda-ring-road-impact/
 ✅ Indexed: https://www.paranjapetownship.com/investment/rental-yield-bhugaon/
 ✅ Indexed: https://www.paranjapetownship.com/investment/tax-benefits-nri-plots/
 ✅ Indexed: https://www.paranjapetownship.com/legal/na-plot-purchase-process/
 ✅ Indexed: https://www.paranjapetownship.com/legal/rera-compliance-guide/
 ✅ Indexed: https://www.paranjapetownship.com/location/bhugaon-connectivity-guide/
 ✅ Indexed: https://www.paranjapetownship.com/location/it-hub-proximity-hinjewadi/
 ✅ Indexed: https://www.paranjapetownship.com/location/nearby-schools-hospitals/
 ✅ Indexed: https://www.paranjapetownship.com/paranjape-forest-trails-township-bhugaon-about-paranjape-schemes/
 ✅ Indexed: https://www.paranjapetownship.com/paranjape-forest-trails-township-bhugaon-amenities/adventure-park-pune/
 ✅ Indexed: https://www.paranjapetownship.com/paranjape-forest-trails-township-bhugaon-amenities/equestrian-academy-pune/
 ✅ Indexed: https://www.paranjapetownship.com/paranjape-forest-trails-township-bhugaon-amenities/forest-walks-trails/
 ✅ Indexed: https://www.paranjapetownship.com/paranjape-forest-trails-township-bhugaon-amenities/olympic-sports-complex/
 ✅ Indexed: https://www.paranjapetownship.com/paranjape-forest-trails-township-bhugaon-amenities/sri-sri-ravishankar-school/
 ✅ Indexed: https://www.paranjapetownship.com/paranjape-forest-trails-township-bhugaon-amenities/the-cliff-club/
 ✅ Indexed: https://www.paranjapetownship.com/paranjape-forest-trails-township-bhugaon-amenities/wellness-spa-retreat/
 ✅ Indexed: https://www.paranjapetownship.com/paranjape-forest-trails-township-bhugaon-apartments/
 ✅ Indexed: https://www.paranjapetownship.com/paranjape-forest-trails-township-bhugaon-aspire/
 ✅ Indexed: https://www.paranjapetownship.com/paranjape-forest-trails-township-bhugaon-athashri-senior-living-bhugaon/
 ✅ Indexed: https://www.paranjapetownship.com/paranjape-forest-trails-township-bhugaon-blogs/baner-vs-bhugaon-investment-analysis-2026/
 ✅ Indexed: https://www.paranjapetownship.com/paranjape-forest-trails-township-bhugaon-blogs/bavdhan-na-bungalow-plots-investment/
 ✅ Indexed: https://www.paranjapetownship.com/paranjape-forest-trails-township-bhugaon-blogs/bavdhan-vs-bhugaon-villa-investment/
 ✅ Indexed: https://www.paranjapetownship.com/paranjape-forest-trails-township-bhugaon-blogs/best-schools-near-bhugaon-paud-road/
 ✅ Indexed: https://www.paranjapetownship.com/paranjape-forest-trails-township-bhugaon-blogs/best-township-near-baner-pashan-it-hub/
 ✅ Indexed: https://www.paranjapetownship.com/paranjape-forest-trails-township-bhugaon-blogs/buy-na-bungalow-plots-near-warje-sinhgad-road/
 ✅ Indexed: https://www.paranjapetownship.com/paranjape-forest-trails-township-bhugaon-blogs/forest-trails-na-bungalow-plots-advantage/
 ✅ Indexed: https://www.paranjapetownship.com/paranjape-forest-trails-township-bhugaon-blogs/
 ✅ Indexed: https://www.paranjapetownship.com/paranjape-forest-trails-township-bhugaon-blogs/kothrud-vs-bhugaon-na-bungalow-plots/
 ✅ Indexed: https://www.paranjapetownship.com/paranjape-forest-trails-township-bhugaon-blogs/na-bungalow-plots-pune-west-guide/
 ✅ Indexed: https://www.paranjapetownship.com/paranjape-forest-trails-township-bhugaon-blogs/premium-apartments-near-kothrud-bhugaon-canopy/
 ✅ Indexed: https://www.paranjapetownship.com/paranjape-forest-trails-township-bhugaon-blogs/senior-living-communities-west-pune-bhugaon/
 ✅ Indexed: https://www.paranjapetownship.com/paranjape-forest-trails-township-bhugaon-bungalows/
 ✅ Indexed: https://www.paranjapetownship.com/paranjape-forest-trails-township-bhugaon-comparisons/bhugaon-vs-mulshi-investment/
 ✅ Indexed: https://www.paranjapetownship.com/paranjape-forest-trails-township-bhugaon-comparisons/forest-trails-vs-magarpatta/
 ✅ Indexed: https://www.paranjapetownship.com/paranjape-forest-trails-township-bhugaon-comparisons/premium-townships-pune-west/
 ✅ Indexed: https://www.paranjapetownship.com/paranjape-forest-trails-township-bhugaon-connectivity-baner-aundh/
 ✅ Indexed: https://www.paranjapetownship.com/paranjape-forest-trails-township-bhugaon-connectivity-bavdhan-proximity/
 ✅ Indexed: https://www.paranjapetownship.com/paranjape-forest-trails-township-bhugaon-connectivity-kothrud-nal-stop/
 ✅ Indexed: https://www.paranjapetownship.com/paranjape-forest-trails-township-bhugaon-connectivity-shivaji-nagar-karve-nagar/
 ✅ Indexed: https://www.paranjapetownship.com/paranjape-forest-trails-township-bhugaon-facilities.html
 ✅ Indexed: https://www.paranjapetownship.com/paranjape-forest-trails-township-bhugaon-happiness-hub/
 ✅ Indexed: https://www.paranjapetownship.com/paranjape-forest-trails-township-bhugaon-highgardens/
 ✅ Indexed: https://www.paranjapetownship.com/paranjape-forest-trails-township-bhugaon-highlands/
 ✅ Indexed: https://www.paranjapetownship.com/paranjape-forest-trails-township-bhugaon-investment/appreciation-forecast-2030/
 ✅ Indexed: https://www.paranjapetownship.com/paranjape-forest-trails-township-bhugaon-investment/pmrda-ring-road-impact/
 ✅ Indexed: https://www.paranjapetownship.com/paranjape-forest-trails-township-bhugaon-investment/rental-yield-bhugaon/
 ✅ Indexed: https://www.paranjapetownship.com/paranjape-forest-trails-township-bhugaon-investment/tax-benefits-nri-plots/
 ✅ Indexed: https://www.paranjapetownship.com/paranjape-forest-trails-township-bhugaon-kaleidoscope/
 ✅ Indexed: https://www.paranjapetownship.com/paranjape-forest-trails-township-bhugaon-legal/na-plot-purchase-process/
 ✅ Indexed: https://www.paranjapetownship.com/paranjape-forest-trails-township-bhugaon-legal/privacy-policy.html
 ✅ Indexed: https://www.paranjapetownship.com/paranjape-forest-trails-township-bhugaon-legal/rera-compliance-guide/
 ✅ Indexed: https://www.paranjapetownship.com/paranjape-forest-trails-township-bhugaon-legal/terms-conditions.html
 ✅ Indexed: https://www.paranjapetownship.com/paranjape-forest-trails-township-bhugaon-location/bhugaon-connectivity-guide/
 ✅ Indexed: https://www.paranjapetownship.com/paranjape-forest-trails-township-bhugaon-location/it-hub-proximity-hinjewadi/
 ✅ Indexed: https://www.paranjapetownship.com/paranjape-forest-trails-township-bhugaon-location/nearby-schools-hospitals/
 ✅ Indexed: https://www.paranjapetownship.com/paranjape-forest-trails-township-bhugaon-location-proximity/
 ✅ Indexed: https://www.paranjapetownship.com/paranjape-forest-trails-township-bhugaon-luxury-forest-villas-bhugaon/
 ✅ Indexed: https://www.paranjapetownship.com/paranjape-forest-trails-township-bhugaon-na-bungalow-plots-bhugaon/
 ✅ Indexed: https://www.paranjapetownship.com/paranjape-forest-trails-township-bhugaon-near-bavdhan/
 ✅ Indexed: https://www.paranjapetownship.com/paranjape-forest-trails-township-bhugaon-near-chandani-chowk/
 ✅ Indexed: https://www.paranjapetownship.com/paranjape-forest-trails-township-bhugaon-near-kothrud/
 ✅ Indexed: https://www.paranjapetownship.com/paranjape-forest-trails-township-bhugaon-near-pashan/
 ✅ Indexed: https://www.paranjapetownship.com/paranjape-forest-trails-township-bhugaon-orchard-residences/
 ✅ Indexed: https://www.paranjapetownship.com/paranjape-forest-trails-township-bhugaon-paud-road/
 ✅ Indexed: https://www.paranjapetownship.com/paranjape-forest-trails-township-bhugaon-pebbles/
 ✅ Indexed: https://www.paranjapetownship.com/paranjape-forest-trails-township-bhugaon-plots/
 ✅ Indexed: https://www.paranjapetownship.com/paranjape-forest-trails-township-bhugaon-premium-apartments-forest-trails/
 ✅ Indexed: https://www.paranjapetownship.com/paranjape-forest-trails-township-bhugaon-price/
 ✅ Indexed: https://www.paranjapetownship.com/paranjape-forest-trails-township-bhugaon-price-list-brochure/
 ✅ Indexed: https://www.paranjapetownship.com/paranjape-forest-trails-township-bhugaon-property-investment-bhugaon-pune/
 ✅ Indexed: https://www.paranjapetownship.com/paranjape-forest-trails-township-bhugaon-pune/
 ✅ Indexed: https://www.paranjapetownship.com/paranjape-forest-trails-township-bhugaon-rivolo-residences/
 ✅ Indexed: https://www.paranjapetownship.com/paranjape-forest-trails-township-bhugaon-sectors/sector-a-skyline-villas/
 ✅ Indexed: https://www.paranjapetownship.com/paranjape-forest-trails-township-bhugaon-sectors/sector-b-misty-heights/
 ✅ Indexed: https://www.paranjapetownship.com/paranjape-forest-trails-township-bhugaon-sectors/sector-c-riverview-plots/
 ✅ Indexed: https://www.paranjapetownship.com/paranjape-forest-trails-township-bhugaon-sectors/sector-d-forest-edge/
 ✅ Indexed: https://www.paranjapetownship.com/paranjape-forest-trails-township-bhugaon-sectors/sector-e-valley-residences/
 ✅ Indexed: https://www.paranjapetownship.com/paranjape-forest-trails-township-bhugaon-the-canopy/
 ✅ Indexed: https://www.paranjapetownship.com/paranjape-forest-trails-township-bhugaon-the-cliff-lifestyle-hub-bhugaon/
 ✅ Indexed: https://www.paranjapetownship.com/paranjape-forest-trails-township-bhugaon-the-cove/
 ✅ Indexed: https://www.paranjapetownship.com/paranjape-forest-trails-township-bhugaon-the-highlands-forest-trails/
 ✅ Indexed: https://www.paranjapetownship.com/paranjape-forest-trails-township-bhugaon-verandah/
 ✅ Indexed: https://www.paranjapetownship.com/paranjape-forest-trails-township-bhugaon-villas/
 ✅ Indexed: https://www.paranjapetownship.com/paranjape-forest-trails-township-bhugaon-villas-plots.html
 ✅ Indexed: https://www.paranjapetownship.com/paranjape-forest-trails-township-bhugaon-vs-bavdhan-projects/
 ✅ Indexed: https://www.paranjapetownship.com/paranjape-forest-trails-township-bhugaon-vs-kothrud-apartments/
 ✅ Indexed: https://www.paranjapetownship.com/paranjape-forest-trails-township-bhugaon-why-choose-forest-trails-bhugaon/
 ✅ Indexed: https://www.paranjapetownship.com/paranjape-schemes-forest-trails-apartments/
 ✅ Indexed: https://www.paranjapetownship.com/rivolo-residences/
 ✅ Indexed: https://www.paranjapetownship.com/sectors/sector-a-skyline-villas/
 ✅ Indexed: https://www.paranjapetownship.com/sectors/sector-b-misty-heights/
 ✅ Indexed: https://www.paranjapetownship.com/sectors/sector-c-riverview-plots/
 ✅ Indexed: https://www.paranjapetownship.com/sectors/sector-d-forest-edge/
 ✅ Indexed: https://www.paranjapetownship.com/sectors/sector-e-valley-residences/
 ✅ Indexed: https://www.paranjapetownship.com/thank-you.html
 ✅ Indexed: https://www.paranjapetownship.com/the-cliff-lifestyle-hub/
 ✅ Indexed: https://www.paranjapetownship.com/the-cove/
 ✅ Indexed: https://www.paranjapetownship.com/verandah/
 ✅ Indexed: https://www.paranjapetownship.com/why-choose-forest-trails-bhugaon/

✅ Sovereign Indexing Pass Complete.
>> Running IndexNow Protocol...
🚀 Starting Stage 51 IndexNow Worker...
 🚀 Verification file 95c994594228606fa65442d1b61243200b7dd984.txt synchronized at root.
📦 Discovered 129 URLs for submission.
 ❌ IndexNow Failure [403]: {"errorCode":"UserForbiddedToAccessSite","message":"User is unauthorized to access the site. Please verify the site using the key and try again","details":null}
>> Running Legacy Sitemap Pings...
🚀 Starting Advanced Indexing Engine...

📦 Discovered 129 target URLs in public domain.

🌐 Pinging Sitemap to Search Engines...
  📡 Pinged Google: 404
  📡 Pinged Bing: 410

💡 PRO TIP: For instant indexing, configure YOUR_GOOGLE_API_KEY for the official Indexing API.

🎯 Advanced Indexing Burst Complete.
>> Running Unified URL Pings...
🚀 Pinging 55 URLs to search engines...
✅ Updated sitemap.xml with 55 target URLs.
Sovereign Sweep Completed: Wed Jun  3 01:11:31 IST 2026
=====================================================
=====================================================
Sovereign Sweep Initiated: Sat Jun  6 01:00:00 IST 2026
>> Running Google Indexing Protocol...
🚀 Sovereign Indexer v2.0: Resilient Hard-Force Engine (2 Projects Detected)
 ⚡ HARD-FORCE: Bypassing cooldown for absolute site-wide refresh.

📦 Nodes: 128 | Pending: 128 | Keys: 2
 ✅ Indexed: https://www.paranjapetownship.com/bhugaon-growth-ledger.html
 ✅ Indexed: https://www.paranjapetownship.com/investment/growth-ledger/
 ✅ Indexed: https://www.paranjapetownship.com/paranjape-forest-trails-township-bhugaon-everglades/
 ✅ Indexed: https://www.paranjapetownship.com/misty-greens/
 ✅ Indexed: https://www.paranjapetownship.com/paranjape-forest-trails-township-bhugaon-blogs/misty-greens-na-plots-review/
 ✅ Indexed: https://www.paranjapetownship.com/paranjape-forest-trails-township-bhugaon-misty-greens/
 ✅ Indexed: https://www.paranjapetownship.com/404.html
 ✅ Indexed: https://www.paranjapetownship.com/amenities/adventure-park-pune/
 ✅ Indexed: https://www.paranjapetownship.com/amenities/equestrian-academy-pune/
 ✅ Indexed: https://www.paranjapetownship.com/amenities/forest-walks-trails/
 ✅ Indexed: https://www.paranjapetownship.com/amenities/olympic-sports-complex/
 ✅ Indexed: https://www.paranjapetownship.com/amenities/the-cliff-club/
 ✅ Indexed: https://www.paranjapetownship.com/amenities/wellness-spa-retreat/
 ✅ Indexed: https://www.paranjapetownship.com/canopy-apartments-bhugaon/
 ✅ Indexed: https://www.paranjapetownship.com/comparisons/bhugaon-vs-mulshi-investment/
 ✅ Indexed: https://www.paranjapetownship.com/comparisons/forest-trails-vs-magarpatta/
 ✅ Indexed: https://www.paranjapetownship.com/comparisons/premium-townships-pune-west/
 ✅ Indexed: https://www.paranjapetownship.com/forest-trails-connectivity-baner-aundh/
 ✅ Indexed: https://www.paranjapetownship.com/forest-trails-connectivity-bavdhan-proximity/
 ✅ Indexed: https://www.paranjapetownship.com/forest-trails-connectivity-kothrud-nal-stop/
 ✅ Indexed: https://www.paranjapetownship.com/forest-trails-connectivity-shivaji-nagar-karve-nagar/
 ✅ Indexed: https://www.paranjapetownship.com/forest-trails-vs-bavdhan-projects/
 ✅ Indexed: https://www.paranjapetownship.com/forest-trails-vs-kothrud-apartments/
 ✅ Indexed: https://www.paranjapetownship.com/highgardens/
 ✅ Indexed: https://www.paranjapetownship.com/highlands/
 ✅ Indexed: https://www.paranjapetownship.com/
 ✅ Indexed: https://www.paranjapetownship.com/insights/baner-vs-bhugaon-investment-analysis-2026/
 ✅ Indexed: https://www.paranjapetownship.com/insights/best-schools-near-bhugaon-paud-road/
 ✅ Indexed: https://www.paranjapetownship.com/investment/appreciation-forecast-2030/
 ✅ Indexed: https://www.paranjapetownship.com/investment/pmrda-ring-road-impact/
 ✅ Indexed: https://www.paranjapetownship.com/investment/rental-yield-bhugaon/
 ✅ Indexed: https://www.paranjapetownship.com/investment/tax-benefits-nri-plots/
 ✅ Indexed: https://www.paranjapetownship.com/legal/na-plot-purchase-process/
 ✅ Indexed: https://www.paranjapetownship.com/legal/rera-compliance-guide/
 ✅ Indexed: https://www.paranjapetownship.com/location/bhugaon-connectivity-guide/
 ✅ Indexed: https://www.paranjapetownship.com/location/it-hub-proximity-hinjewadi/
 ✅ Indexed: https://www.paranjapetownship.com/location/nearby-schools-hospitals/
 ✅ Indexed: https://www.paranjapetownship.com/paranjape-forest-trails-township-bhugaon-about-paranjape-schemes/
 ✅ Indexed: https://www.paranjapetownship.com/paranjape-forest-trails-township-bhugaon-amenities/adventure-park-pune/
 ✅ Indexed: https://www.paranjapetownship.com/paranjape-forest-trails-township-bhugaon-amenities/equestrian-academy-pune/
 ✅ Indexed: https://www.paranjapetownship.com/paranjape-forest-trails-township-bhugaon-amenities/forest-walks-trails/
 ✅ Indexed: https://www.paranjapetownship.com/paranjape-forest-trails-township-bhugaon-amenities/olympic-sports-complex/
 ✅ Indexed: https://www.paranjapetownship.com/paranjape-forest-trails-township-bhugaon-amenities/sri-sri-ravishankar-school/
 ✅ Indexed: https://www.paranjapetownship.com/paranjape-forest-trails-township-bhugaon-amenities/the-cliff-club/
 ✅ Indexed: https://www.paranjapetownship.com/paranjape-forest-trails-township-bhugaon-amenities/wellness-spa-retreat/
 ✅ Indexed: https://www.paranjapetownship.com/paranjape-forest-trails-township-bhugaon-apartments/
 ✅ Indexed: https://www.paranjapetownship.com/paranjape-forest-trails-township-bhugaon-aspire/
 ✅ Indexed: https://www.paranjapetownship.com/paranjape-forest-trails-township-bhugaon-athashri-senior-living-bhugaon/
 ✅ Indexed: https://www.paranjapetownship.com/paranjape-forest-trails-township-bhugaon-blogs/baner-vs-bhugaon-investment-analysis-2026/
 ✅ Indexed: https://www.paranjapetownship.com/paranjape-forest-trails-township-bhugaon-blogs/bavdhan-na-bungalow-plots-investment/
 ✅ Indexed: https://www.paranjapetownship.com/paranjape-forest-trails-township-bhugaon-blogs/bavdhan-vs-bhugaon-villa-investment/
 ✅ Indexed: https://www.paranjapetownship.com/paranjape-forest-trails-township-bhugaon-blogs/best-schools-near-bhugaon-paud-road/
 ✅ Indexed: https://www.paranjapetownship.com/paranjape-forest-trails-township-bhugaon-blogs/best-township-near-baner-pashan-it-hub/
 ✅ Indexed: https://www.paranjapetownship.com/paranjape-forest-trails-township-bhugaon-blogs/buy-na-bungalow-plots-near-warje-sinhgad-road/
 ✅ Indexed: https://www.paranjapetownship.com/paranjape-forest-trails-township-bhugaon-blogs/forest-trails-na-bungalow-plots-advantage/
 ✅ Indexed: https://www.paranjapetownship.com/paranjape-forest-trails-township-bhugaon-blogs/
 ✅ Indexed: https://www.paranjapetownship.com/paranjape-forest-trails-township-bhugaon-blogs/kothrud-vs-bhugaon-na-bungalow-plots/
 ✅ Indexed: https://www.paranjapetownship.com/paranjape-forest-trails-township-bhugaon-blogs/na-bungalow-plots-pune-west-guide/
 ✅ Indexed: https://www.paranjapetownship.com/paranjape-forest-trails-township-bhugaon-blogs/premium-apartments-near-kothrud-bhugaon-canopy/
 ✅ Indexed: https://www.paranjapetownship.com/paranjape-forest-trails-township-bhugaon-blogs/senior-living-communities-west-pune-bhugaon/
 ✅ Indexed: https://www.paranjapetownship.com/paranjape-forest-trails-township-bhugaon-bungalows/
 ✅ Indexed: https://www.paranjapetownship.com/paranjape-forest-trails-township-bhugaon-comparisons/bhugaon-vs-mulshi-investment/
 ✅ Indexed: https://www.paranjapetownship.com/paranjape-forest-trails-township-bhugaon-comparisons/forest-trails-vs-magarpatta/
 ✅ Indexed: https://www.paranjapetownship.com/paranjape-forest-trails-township-bhugaon-comparisons/premium-townships-pune-west/
 ✅ Indexed: https://www.paranjapetownship.com/paranjape-forest-trails-township-bhugaon-connectivity-baner-aundh/
 ✅ Indexed: https://www.paranjapetownship.com/paranjape-forest-trails-township-bhugaon-connectivity-bavdhan-proximity/
 ✅ Indexed: https://www.paranjapetownship.com/paranjape-forest-trails-township-bhugaon-connectivity-kothrud-nal-stop/
 ✅ Indexed: https://www.paranjapetownship.com/paranjape-forest-trails-township-bhugaon-connectivity-shivaji-nagar-karve-nagar/
 ✅ Indexed: https://www.paranjapetownship.com/paranjape-forest-trails-township-bhugaon-facilities.html
 ✅ Indexed: https://www.paranjapetownship.com/paranjape-forest-trails-township-bhugaon-happiness-hub/
 ✅ Indexed: https://www.paranjapetownship.com/paranjape-forest-trails-township-bhugaon-highgardens/
 ✅ Indexed: https://www.paranjapetownship.com/paranjape-forest-trails-township-bhugaon-highlands/
 ✅ Indexed: https://www.paranjapetownship.com/paranjape-forest-trails-township-bhugaon-investment/appreciation-forecast-2030/
 ✅ Indexed: https://www.paranjapetownship.com/paranjape-forest-trails-township-bhugaon-investment/pmrda-ring-road-impact/
 ✅ Indexed: https://www.paranjapetownship.com/paranjape-forest-trails-township-bhugaon-investment/rental-yield-bhugaon/
 ✅ Indexed: https://www.paranjapetownship.com/paranjape-forest-trails-township-bhugaon-investment/tax-benefits-nri-plots/
 ✅ Indexed: https://www.paranjapetownship.com/paranjape-forest-trails-township-bhugaon-kaleidoscope/
 ✅ Indexed: https://www.paranjapetownship.com/paranjape-forest-trails-township-bhugaon-legal/na-plot-purchase-process/
 ✅ Indexed: https://www.paranjapetownship.com/paranjape-forest-trails-township-bhugaon-legal/privacy-policy.html
 ✅ Indexed: https://www.paranjapetownship.com/paranjape-forest-trails-township-bhugaon-legal/rera-compliance-guide/
 ✅ Indexed: https://www.paranjapetownship.com/paranjape-forest-trails-township-bhugaon-legal/terms-conditions.html
 ✅ Indexed: https://www.paranjapetownship.com/paranjape-forest-trails-township-bhugaon-location/bhugaon-connectivity-guide/
 ✅ Indexed: https://www.paranjapetownship.com/paranjape-forest-trails-township-bhugaon-location/it-hub-proximity-hinjewadi/
 ✅ Indexed: https://www.paranjapetownship.com/paranjape-forest-trails-township-bhugaon-location/nearby-schools-hospitals/
 ✅ Indexed: https://www.paranjapetownship.com/paranjape-forest-trails-township-bhugaon-location-proximity/
 ✅ Indexed: https://www.paranjapetownship.com/paranjape-forest-trails-township-bhugaon-luxury-forest-villas-bhugaon/
 ✅ Indexed: https://www.paranjapetownship.com/paranjape-forest-trails-township-bhugaon-na-bungalow-plots-bhugaon/
 ✅ Indexed: https://www.paranjapetownship.com/paranjape-forest-trails-township-bhugaon-near-bavdhan/
 ✅ Indexed: https://www.paranjapetownship.com/paranjape-forest-trails-township-bhugaon-near-chandani-chowk/
 ✅ Indexed: https://www.paranjapetownship.com/paranjape-forest-trails-township-bhugaon-near-kothrud/
 ✅ Indexed: https://www.paranjapetownship.com/paranjape-forest-trails-township-bhugaon-near-pashan/
 ✅ Indexed: https://www.paranjapetownship.com/paranjape-forest-trails-township-bhugaon-orchard-residences/
 ✅ Indexed: https://www.paranjapetownship.com/paranjape-forest-trails-township-bhugaon-paud-road/
 ✅ Indexed: https://www.paranjapetownship.com/paranjape-forest-trails-township-bhugaon-pebbles/
 ✅ Indexed: https://www.paranjapetownship.com/paranjape-forest-trails-township-bhugaon-plots/
 ✅ Indexed: https://www.paranjapetownship.com/paranjape-forest-trails-township-bhugaon-premium-apartments-forest-trails/
 ✅ Indexed: https://www.paranjapetownship.com/paranjape-forest-trails-township-bhugaon-price/
 ✅ Indexed: https://www.paranjapetownship.com/paranjape-forest-trails-township-bhugaon-price-list-brochure/
 ✅ Indexed: https://www.paranjapetownship.com/paranjape-forest-trails-township-bhugaon-property-investment-bhugaon-pune/
 ✅ Indexed: https://www.paranjapetownship.com/paranjape-forest-trails-township-bhugaon-pune/
 ✅ Indexed: https://www.paranjapetownship.com/paranjape-forest-trails-township-bhugaon-rivolo-residences/
 ✅ Indexed: https://www.paranjapetownship.com/paranjape-forest-trails-township-bhugaon-sectors/sector-a-skyline-villas/
 ✅ Indexed: https://www.paranjapetownship.com/paranjape-forest-trails-township-bhugaon-sectors/sector-b-misty-heights/
 ✅ Indexed: https://www.paranjapetownship.com/paranjape-forest-trails-township-bhugaon-sectors/sector-c-riverview-plots/
 ✅ Indexed: https://www.paranjapetownship.com/paranjape-forest-trails-township-bhugaon-sectors/sector-d-forest-edge/
 ✅ Indexed: https://www.paranjapetownship.com/paranjape-forest-trails-township-bhugaon-sectors/sector-e-valley-residences/
 ✅ Indexed: https://www.paranjapetownship.com/paranjape-forest-trails-township-bhugaon-the-canopy/
 ✅ Indexed: https://www.paranjapetownship.com/paranjape-forest-trails-township-bhugaon-the-cliff-lifestyle-hub-bhugaon/
 ✅ Indexed: https://www.paranjapetownship.com/paranjape-forest-trails-township-bhugaon-the-cove/
 ✅ Indexed: https://www.paranjapetownship.com/paranjape-forest-trails-township-bhugaon-the-highlands-forest-trails/
 ✅ Indexed: https://www.paranjapetownship.com/paranjape-forest-trails-township-bhugaon-verandah/
 ✅ Indexed: https://www.paranjapetownship.com/paranjape-forest-trails-township-bhugaon-villas/
 ✅ Indexed: https://www.paranjapetownship.com/paranjape-forest-trails-township-bhugaon-villas-plots.html
 ✅ Indexed: https://www.paranjapetownship.com/paranjape-forest-trails-township-bhugaon-vs-bavdhan-projects/
 ✅ Indexed: https://www.paranjapetownship.com/paranjape-forest-trails-township-bhugaon-vs-kothrud-apartments/
 ✅ Indexed: https://www.paranjapetownship.com/paranjape-forest-trails-township-bhugaon-why-choose-forest-trails-bhugaon/
 ✅ Indexed: https://www.paranjapetownship.com/paranjape-schemes-forest-trails-apartments/
 ✅ Indexed: https://www.paranjapetownship.com/rivolo-residences/
 ✅ Indexed: https://www.paranjapetownship.com/sectors/sector-a-skyline-villas/
 ✅ Indexed: https://www.paranjapetownship.com/sectors/sector-b-misty-heights/
 ✅ Indexed: https://www.paranjapetownship.com/sectors/sector-c-riverview-plots/
 ✅ Indexed: https://www.paranjapetownship.com/sectors/sector-d-forest-edge/
 ✅ Indexed: https://www.paranjapetownship.com/sectors/sector-e-valley-residences/
 ✅ Indexed: https://www.paranjapetownship.com/thank-you.html
 ✅ Indexed: https://www.paranjapetownship.com/the-cliff-lifestyle-hub/
 ✅ Indexed: https://www.paranjapetownship.com/the-cove/
 ✅ Indexed: https://www.paranjapetownship.com/verandah/
 ✅ Indexed: https://www.paranjapetownship.com/why-choose-forest-trails-bhugaon/

✅ Sovereign Indexing Pass Complete.
>> Running IndexNow Protocol...
🚀 Starting Stage 51 IndexNow Worker...
 🚀 Verification file 95c994594228606fa65442d1b61243200b7dd984.txt synchronized at root.
📦 Discovered 129 URLs for submission.
 ❌ IndexNow Failure [403]: {"errorCode":"UserForbiddedToAccessSite","message":"User is unauthorized to access the site. Please verify the site using the key and try again","details":null}
>> Running Legacy Sitemap Pings...
🚀 Starting Advanced Indexing Engine...

📦 Discovered 129 target URLs in public domain.

🌐 Pinging Sitemap to Search Engines...
  📡 Pinged Google: 404
  📡 Pinged Bing: 410

💡 PRO TIP: For instant indexing, configure YOUR_GOOGLE_API_KEY for the official Indexing API.

🎯 Advanced Indexing Burst Complete.
>> Running Unified URL Pings...
🚀 Pinging 55 URLs to search engines...
✅ Updated sitemap.xml with 55 target URLs.
Sovereign Sweep Completed: Sat Jun  6 01:11:29 IST 2026
=====================================================
=====================================================
Sovereign Sweep Initiated: Fri Jun 26 01:03:56 IST 2026
>> Running Google Indexing Protocol...
🚀 Sovereign Indexer v2.0: Resilient Hard-Force Engine (2 Projects Detected)
 ⚡ HARD-FORCE: Bypassing cooldown for absolute site-wide refresh.

📦 Nodes: 128 | Pending: 128 | Keys: 2
node:internal/process/promises:394
    triggerUncaughtException(err, true /* fromPromise */);
    ^

Error: getaddrinfo ENOTFOUND oauth2.googleapis.com
    at GetAddrInfoReqWrap.onlookupall [as oncomplete] (node:dns:122:26) {
  errno: -3008,
  code: 'ENOTFOUND',
  syscall: 'getaddrinfo',
  hostname: 'oauth2.googleapis.com'
}

Node.js v24.13.0
>> Running IndexNow Protocol...
🚀 Starting Stage 51 IndexNow Worker...
 🚀 Verification file 95c994594228606fa65442d1b61243200b7dd984.txt synchronized at root.
📦 Discovered 129 URLs for submission.
 ❌ Hardware Error: getaddrinfo ENOTFOUND api.indexnow.org
>> Running Legacy Sitemap Pings...
🚀 Starting Advanced Indexing Engine...

📦 Discovered 129 target URLs in public domain.

🌐 Pinging Sitemap to Search Engines...
  ❌ Failed ping to Google: getaddrinfo ENOTFOUND www.google.com
  ❌ Failed ping to Bing: getaddrinfo ENOTFOUND www.bing.com

💡 PRO TIP: For instant indexing, configure YOUR_GOOGLE_API_KEY for the official Indexing API.

🎯 Advanced Indexing Burst Complete.
>> Running Unified URL Pings...
🚀 Pinging 55 URLs to search engines...
✅ Updated sitemap.xml with 55 target URLs.
Sovereign Sweep Completed: Fri Jun 26 01:03:58 IST 2026
=====================================================
